Last login: Mon Sep 22 17:35:24 on ttys000
gangadhar@Gangadhar-MacBook-Pro ~ % sudo xattr -r -d com.apple.quarantine /Users/gangadhar/Downloads/nmap-7.98.mpkg
Password:
gangadhar@Gangadhar-MacBook-Pro ~ % ifconfig
lo0: flags=8049<UP,LOOPBACK,RUNNING,MULTICAST> mtu 16384
	options=1203<RXCSUM,TXCSUM,TXSTATUS,SW_TIMESTAMP>
	inet 127.0.0.1 netmask 0xff000000
	inet6 ::1 prefixlen 128 
	inet6 fe80::1%lo0 prefixlen 64 scopeid 0x1 
	nd6 options=201<PERFORMNUD,DAD>
gif0: flags=8010<POINTOPOINT,MULTICAST> mtu 1280
stf0: flags=0<> mtu 1280
anpi0: flags=8863<UP,BROADCAST,SMART,RUNNING,SIMPLEX,MULTICAST> mtu 1500
	options=400<CHANNEL_IO>
	ether 7e:db:23:c2:1f:76
	media: none
	status: inactive
anpi1: flags=8863<UP,BROADCAST,SMART,RUNNING,SIMPLEX,MULTICAST> mtu 1500
	options=400<CHANNEL_IO>
	ether 7e:db:23:c2:1f:77
	media: none
	status: inactive
en3: flags=8863<UP,BROADCAST,SMART,RUNNING,SIMPLEX,MULTICAST> mtu 1500
	options=400<CHANNEL_IO>
	ether 7e:db:23:c2:1f:56
	nd6 options=201<PERFORMNUD,DAD>
	media: none
	status: inactive
en4: flags=8863<UP,BROADCAST,SMART,RUNNING,SIMPLEX,MULTICAST> mtu 1500
	options=400<CHANNEL_IO>
	ether 7e:db:23:c2:1f:57
	nd6 options=201<PERFORMNUD,DAD>
	media: none
	status: inactive
en1: flags=8963<UP,BROADCAST,SMART,RUNNING,PROMISC,SIMPLEX,MULTICAST> mtu 1500
	options=460<TSO4,TSO6,CHANNEL_IO>
	ether 36:a2:2d:82:cd:00
	media: autoselect <full-duplex>
	status: inactive
en2: flags=8963<UP,BROADCAST,SMART,RUNNING,PROMISC,SIMPLEX,MULTICAST> mtu 1500
	options=460<TSO4,TSO6,CHANNEL_IO>
	ether 36:a2:2d:82:cd:04
	media: autoselect <full-duplex>
	status: inactive
bridge0: flags=8863<UP,BROADCAST,SMART,RUNNING,SIMPLEX,MULTICAST> mtu 1500
	options=63<RXCSUM,TXCSUM,TSO4,TSO6>
	ether 36:a2:2d:82:cd:00
	Configuration:
		id 0:0:0:0:0:0 priority 0 hellotime 0 fwddelay 0
		maxage 0 holdcnt 0 proto stp maxaddr 100 timeout 1200
		root id 0:0:0:0:0:0 priority 0 ifcost 0 port 0
		ipfilter disabled flags 0x0
	member: en1 flags=3<LEARNING,DISCOVER>
	        ifmaxaddr 0 port 8 priority 0 path cost 0
	member: en2 flags=3<LEARNING,DISCOVER>
	        ifmaxaddr 0 port 9 priority 0 path cost 0
	nd6 options=201<PERFORMNUD,DAD>
	media: <unknown type>
	status: inactive
ap1: flags=8863<UP,BROADCAST,SMART,RUNNING,SIMPLEX,MULTICAST> mtu 1500
	options=6460<TSO4,TSO6,CHANNEL_IO,PARTIAL_CSUM,ZEROINVERT_CSUM>
	ether 7e:c4:74:10:46:a0
	nd6 options=201<PERFORMNUD,DAD>
	media: autoselect (none)
	status: inactive
en0: flags=8863<UP,BROADCAST,SMART,RUNNING,SIMPLEX,MULTICAST> mtu 1500
	options=6460<TSO4,TSO6,CHANNEL_IO,PARTIAL_CSUM,ZEROINVERT_CSUM>
	ether 26:1a:d5:19:bc:63
	inet6 fe80::42f:69b0:a8a5:e62c%en0 prefixlen 64 secured scopeid 0xb 
	inet 192.168.0.115 netmask 0xffffff00 broadcast 192.168.0.255
	nd6 options=201<PERFORMNUD,DAD>
	media: autoselect
	status: active
awdl0: flags=8863<UP,BROADCAST,SMART,RUNNING,SIMPLEX,MULTICAST> mtu 1500
	options=6460<TSO4,TSO6,CHANNEL_IO,PARTIAL_CSUM,ZEROINVERT_CSUM>
	ether 6a:28:4e:0b:20:a6
	inet6 fe80::6828:4eff:fe0b:20a6%awdl0 prefixlen 64 scopeid 0xd 
	nd6 options=201<PERFORMNUD,DAD>
	media: autoselect
	status: active
llw0: flags=8863<UP,BROADCAST,SMART,RUNNING,SIMPLEX,MULTICAST> mtu 1500
	options=400<CHANNEL_IO>
	ether 6a:28:4e:0b:20:a6
	inet6 fe80::6828:4eff:fe0b:20a6%llw0 prefixlen 64 scopeid 0xe 
	nd6 options=201<PERFORMNUD,DAD>
	media: autoselect (none)
utun0: flags=8051<UP,POINTOPOINT,RUNNING,MULTICAST> mtu 1380
	inet6 fe80::b008:7d3b:cd5e:540b%utun0 prefixlen 64 scopeid 0xf 
	nd6 options=201<PERFORMNUD,DAD>
utun1: flags=8051<UP,POINTOPOINT,RUNNING,MULTICAST> mtu 1500
	inet6 fe80::3bbd:6421:86f0:caea%utun1 prefixlen 64 scopeid 0x10 
	nd6 options=201<PERFORMNUD,DAD>
utun2: flags=8051<UP,POINTOPOINT,RUNNING,MULTICAST> mtu 2000
	inet6 fe80::1e94:d5c7:4d1b:bfca%utun2 prefixlen 64 scopeid 0x11 
	nd6 options=201<PERFORMNUD,DAD>
utun3: flags=8051<UP,POINTOPOINT,RUNNING,MULTICAST> mtu 1000
	inet6 fe80::ce81:b1c:bd2c:69e%utun3 prefixlen 64 scopeid 0x12 
	nd6 options=201<PERFORMNUD,DAD>
utun4: flags=8051<UP,POINTOPOINT,RUNNING,MULTICAST> mtu 1380
	inet6 fe80::a402:f378:9a52:5d5a%utun4 prefixlen 64 scopeid 0x13 
	nd6 options=201<PERFORMNUD,DAD>
utun5: flags=8051<UP,POINTOPOINT,RUNNING,MULTICAST> mtu 1380
	inet6 fe80::8568:9b00:7718:1386%utun5 prefixlen 64 scopeid 0x14 
	nd6 options=201<PERFORMNUD,DAD>
gangadhar@Gangadhar-MacBook-Pro ~ % nmap --version

Nmap version 7.98 ( https://nmap.org )
Platform: arm-apple-darwin24.4.0
Compiled with: liblua-5.4.8 openssl-3.5.2 libssh2-1.11.1 libz-1.2.12 libpcre2-10.46 nmap-libpcap-(libpcap version ) nmap-libdnet-1.18.0 ipv6
Compiled without:
Available nsock engines: kqueue poll select
gangadhar@Gangadhar-MacBook-Pro ~ % sudo installer -pkg /Users/gangadhar/Desktop/nmap-7.97.mpkg -target /

installer: Error - the package path specified was invalid: '/Users/gangadhar/Desktop/nmap-7.97.mpkg'.
gangadhar@Gangadhar-MacBook-Pro ~ % sudo nmap -sn 192.168.0.0/24

Starting Nmap 7.98 ( https://nmap.org ) at 2025-09-22 18:11 +0530
Nmap scan report for 192.168.0.1
Host is up (0.012s latency).
MAC Address: E4:FA:C4:DB:CE:74 (TP-Link PTE.)
Nmap scan report for 192.168.0.100
Host is up (0.11s latency).
MAC Address: 28:02:44:6A:E1:53 (Apple)
Nmap scan report for 192.168.0.101
Host is up (0.0084s latency).
MAC Address: E4:FA:C4:DB:C5:84 (TP-Link PTE.)
Nmap scan report for 192.168.0.102
Host is up (0.0084s latency).
MAC Address: DC:62:79:1F:B1:EC (TP-Link PTE.)
Nmap scan report for 192.168.0.105
Host is up (0.12s latency).
MAC Address: 5A:6B:78:BF:6F:01 (Unknown)
Nmap scan report for 192.168.0.106
Host is up (0.21s latency).
MAC Address: C2:62:A7:88:B1:47 (Unknown)
Nmap scan report for 192.168.0.118
Host is up (0.044s latency).
MAC Address: 96:B0:36:FA:85:29 (Unknown)
Nmap scan report for 192.168.0.119
Host is up (0.080s latency).
MAC Address: 4E:93:4B:4B:35:AF (Unknown)
Nmap scan report for 192.168.0.120
Host is up (0.20s latency).
MAC Address: B4:8C:9D:66:27:9F (AzureWave Technology)
Nmap scan report for 192.168.0.121
Host is up (0.15s latency).
MAC Address: 5C:61:99:28:1F:73 (Cloud Network Technology Singapore PTE.)
Nmap scan report for 192.168.0.115
Host is up.
Nmap done: 256 IP addresses (11 hosts up) scanned in 9.89 seconds
gangadhar@Gangadhar-MacBook-Pro ~ % nmap -sS 192.168.1.0/24 -oN scan_results.txt 
nmap -sS 192.168.1.0/24 -oX scan_results.xml

You requested a scan type which requires root privileges.
QUITTING!
You requested a scan type which requires root privileges.
QUITTING!
gangadhar@Gangadhar-MacBook-Pro ~ % nmap -sS 192.168.1.0/24 -oN scan_results.txt 
You requested a scan type which requires root privileges.
QUITTING!
gangadhar@Gangadhar-MacBook-Pro ~ % sudo nmap -sS 192.168.0.0/24 -oN ~/Desktop/scan_results.txt

Password:
Starting Nmap 7.98 ( https://nmap.org ) at 2025-09-22 18:23 +0530
Stats: 0:00:11 elapsed; 245 hosts completed (10 up), 10 undergoing SYN Stealth Scan
SYN Stealth Scan Timing: About 21.80% done; ETC: 18:23 (0:00:07 remaining)
Stats: 0:00:15 elapsed; 245 hosts completed (10 up), 10 undergoing SYN Stealth Scan
SYN Stealth Scan Timing: About 26.02% done; ETC: 18:23 (0:00:14 remaining)
Stats: 0:00:20 elapsed; 245 hosts completed (10 up), 10 undergoing SYN Stealth Scan
SYN Stealth Scan Timing: About 28.04% done; ETC: 18:23 (0:00:26 remaining)
Stats: 0:00:22 elapsed; 245 hosts completed (10 up), 10 undergoing SYN Stealth Scan
SYN Stealth Scan Timing: About 28.71% done; ETC: 18:23 (0:00:32 remaining)
Stats: 0:00:24 elapsed; 245 hosts completed (10 up), 10 undergoing SYN Stealth Scan
SYN Stealth Scan Timing: About 29.20% done; ETC: 18:24 (0:00:36 remaining)
Stats: 0:00:24 elapsed; 245 hosts completed (10 up), 10 undergoing SYN Stealth Scan
SYN Stealth Scan Timing: About 29.28% done; ETC: 18:24 (0:00:36 remaining)
Stats: 0:00:25 elapsed; 245 hosts completed (10 up), 10 undergoing SYN Stealth Scan
SYN Stealth Scan Timing: About 29.35% done; ETC: 18:24 (0:00:36 remaining)
Stats: 0:00:41 elapsed; 245 hosts completed (10 up), 10 undergoing SYN Stealth Scan
SYN Stealth Scan Timing: About 33.95% done; ETC: 18:24 (0:01:00 remaining)
Stats: 0:00:46 elapsed; 245 hosts completed (10 up), 10 undergoing SYN Stealth Scan
SYN Stealth Scan Timing: About 36.82% done; ETC: 18:24 (0:01:02 remaining)
Stats: 0:01:44 elapsed; 245 hosts completed (10 up), 10 undergoing SYN Stealth Scan
SYN Stealth Scan Timing: About 58.55% done; ETC: 18:25 (0:01:07 remaining)
Stats: 0:01:46 elapsed; 245 hosts completed (10 up), 10 undergoing SYN Stealth Scan
SYN Stealth Scan Timing: About 59.04% done; ETC: 18:25 (0:01:07 remaining)
Stats: 0:01:52 elapsed; 245 hosts completed (10 up), 10 undergoing SYN Stealth Scan
SYN Stealth Scan Timing: About 61.03% done; ETC: 18:25 (0:01:05 remaining)
Stats: 0:02:42 elapsed; 245 hosts completed (10 up), 10 undergoing SYN Stealth Scan
SYN Stealth Scan Timing: About 79.65% done; ETC: 18:26 (0:00:39 remaining)
Stats: 0:02:58 elapsed; 245 hosts completed (10 up), 10 undergoing SYN Stealth Scan
SYN Stealth Scan Timing: About 85.01% done; ETC: 18:26 (0:00:30 remaining)
Stats: 0:03:12 elapsed; 245 hosts completed (10 up), 10 undergoing SYN Stealth Scan
SYN Stealth Scan Timing: About 86.67% done; ETC: 18:26 (0:00:28 remaining)
Stats: 0:03:36 elapsed; 245 hosts completed (10 up), 10 undergoing SYN Stealth Scan
SYN Stealth Scan Timing: About 91.52% done; ETC: 18:26 (0:00:19 remaining)
Stats: 0:04:19 elapsed; 245 hosts completed (10 up), 10 undergoing SYN Stealth Scan
SYN Stealth Scan Timing: About 99.84% done; ETC: 18:27 (0:00:00 remaining)
Nmap scan report for 192.168.0.1
Host is up (0.0078s latency).
Not shown: 996 filtered tcp ports (no-response)
PORT     STATE SERVICE
22/tcp   open  ssh
53/tcp   open  domain
80/tcp   open  http
1900/tcp open  upnp
MAC Address: E4:FA:C4:DB:CE:74 (TP-Link PTE.)

Nmap scan report for 192.168.0.101
Host is up (0.011s latency).
All 1000 scanned ports on 192.168.0.101 are in ignored states.
Not shown: 1000 filtered tcp ports (no-response)
MAC Address: E4:FA:C4:DB:C5:84 (TP-Link PTE.)

Nmap scan report for 192.168.0.102
Host is up (0.011s latency).
All 1000 scanned ports on 192.168.0.102 are in ignored states.
Not shown: 1000 filtered tcp ports (no-response)
MAC Address: DC:62:79:1F:B1:EC (TP-Link PTE.)

Nmap scan report for 192.168.0.104
Host is up (0.31s latency).
All 1000 scanned ports on 192.168.0.104 are in ignored states.
Not shown: 1000 closed tcp ports (reset)
MAC Address: 36:20:F5:96:0D:41 (Unknown)

Nmap scan report for 192.168.0.105
Host is up (0.0075s latency).
All 1000 scanned ports on 192.168.0.105 are in ignored states.
Not shown: 1000 closed tcp ports (reset)
MAC Address: 5A:6B:78:BF:6F:01 (Unknown)

Nmap scan report for 192.168.0.106
Host is up (0.19s latency).
All 1000 scanned ports on 192.168.0.106 are in ignored states.
Not shown: 1000 closed tcp ports (reset)
MAC Address: C2:62:A7:88:B1:47 (Unknown)

Nmap scan report for 192.168.0.108
Host is up (0.022s latency).
Not shown: 998 closed tcp ports (reset)
PORT      STATE SERVICE
49152/tcp open  unknown
62078/tcp open  iphone-sync
MAC Address: EE:E1:33:33:33:63 (Unknown)

Nmap scan report for 192.168.0.109
Host is up (0.031s latency).
Not shown: 998 closed tcp ports (reset)
PORT      STATE SERVICE
49152/tcp open  unknown
62078/tcp open  iphone-sync
MAC Address: F8:7D:76:8A:A8:92 (Apple)

Nmap scan report for 192.168.0.120
Host is up (0.19s latency).
All 1000 scanned ports on 192.168.0.120 are in ignored states.
Not shown: 1000 filtered tcp ports (no-response)
MAC Address: B4:8C:9D:66:27:9F (AzureWave Technology)

Nmap scan report for 192.168.0.121
Host is up (0.056s latency).
Not shown: 999 filtered tcp ports (no-response)
PORT     STATE SERVICE
3306/tcp open  mysql
MAC Address: 5C:61:99:28:1F:73 (Cloud Network Technology Singapore PTE.)

Nmap scan report for 192.168.0.115
Host is up (0.00020s latency).
Not shown: 993 closed tcp ports (reset)
PORT      STATE SERVICE
88/tcp    open  kerberos-sec
445/tcp   open  microsoft-ds
3306/tcp  open  mysql
5000/tcp  open  upnp
5900/tcp  open  vnc
7000/tcp  open  afs3-fileserver
49152/tcp open  unknown

Nmap done: 256 IP addresses (11 hosts up) scanned in 267.01 seconds
gangadhar@Gangadhar-MacBook-Pro ~ % nmap -sV 192.168.0.0/24
Starting Nmap 7.98 ( https://nmap.org ) at 2025-09-22 18:35 +0530
Stats: 0:00:22 elapsed; 0 hosts completed (0 up), 256 undergoing Ping Scan
Parallel DNS resolution of 2 hosts. Timing: About 50.00% done; ETC: 18:36 (0:00:01 remaining)
Stats: 0:00:40 elapsed; 254 hosts completed (2 up), 2 undergoing Connect Scan
Connect Scan Timing: About 69.03% done; ETC: 18:36 (0:00:08 remaining)
Stats: 0:01:27 elapsed; 254 hosts completed (2 up), 2 undergoing Service Scan
Service scan Timing: About 81.82% done; ETC: 18:37 (0:00:05 remaining)
Stats: 0:01:42 elapsed; 254 hosts completed (2 up), 2 undergoing Service Scan
Service scan Timing: About 90.91% done; ETC: 18:37 (0:00:04 remaining)
Stats: 0:01:47 elapsed; 254 hosts completed (2 up), 2 undergoing Service Scan
Service scan Timing: About 90.91% done; ETC: 18:37 (0:00:04 remaining)
Stats: 0:02:44 elapsed; 254 hosts completed (2 up), 2 undergoing Service Scan
Service scan Timing: About 90.91% done; ETC: 18:38 (0:00:10 remaining)
Stats: 0:03:42 elapsed; 254 hosts completed (2 up), 2 undergoing Service Scan
Service scan Timing: About 100.00% done; ETC: 18:39 (0:00:00 remaining)
Nmap scan report for 192.168.0.1
Host is up (0.0038s latency).
Not shown: 996 filtered tcp ports (no-response)
PORT     STATE SERVICE VERSION
22/tcp   open  ssh     OpenSSH 6.6.0 (protocol 2.0)
53/tcp   open  domain  (generic dns response: FORMERR)
80/tcp   open  http    TP-LINK router http config
1900/tcp open  upnp    TP-LINK router upnpd
1 service unrecognized despite returning data. If you know the service/version, please submit the following fingerprint at https://nmap.org/cgi-bin/submit.cgi?new-service :
SF-Port53-TCP:V=7.98%I=7%D=9/22%Time=68D149FD%P=arm-apple-darwin24.4.0%r(D
SF:NSVersionBindReqTCP,20,"\0\x1e\0\x06\x81\x81\0\x01\0\0\0\0\0\0\x07versi
SF:on\x04bind\0\0\x10\0\x03");

Nmap scan report for 192.168.0.115
Host is up (0.00034s latency).
Not shown: 993 closed tcp ports (conn-refused)
PORT      STATE SERVICE       VERSION
88/tcp    open  tcpwrapped
445/tcp   open  microsoft-ds?
3306/tcp  open  mysql         MySQL (unauthorized)
5000/tcp  open  rtsp
5900/tcp  open  vnc           Apple remote desktop vnc
7000/tcp  open  rtsp
49152/tcp open  unknown
2 services unrecognized despite returning data. If you know the service/version, please submit the following fingerprints at https://nmap.org/cgi-bin/submit.cgi?new-service :
==============NEXT SERVICE FINGERPRINT (SUBMIT INDIVIDUALLY)==============
SF-Port5000-TCP:V=7.98%I=7%D=9/22%Time=68D149F8%P=arm-apple-darwin24.4.0%r
SF:(GetRequest,8E,"HTTP/1\.1\x20403\x20Forbidden\r\nContent-Length:\x200\r
SF:\nServer:\x20AirTunes/870\.14\.1\r\nX-Apple-ProcessingTime:\x201\r\nX-A
SF:pple-RequestReceivedTimestamp:\x204740818\r\n\r\n")%r(RTSPRequest,8E,"R
SF:TSP/1\.0\x20403\x20Forbidden\r\nContent-Length:\x200\r\nServer:\x20AirT
SF:unes/870\.14\.1\r\nX-Apple-ProcessingTime:\x201\r\nX-Apple-RequestRecei
SF:vedTimestamp:\x204740827\r\n\r\n")%r(HTTPOptions,8E,"HTTP/1\.1\x20403\x
SF:20Forbidden\r\nContent-Length:\x200\r\nServer:\x20AirTunes/870\.14\.1\r
SF:\nX-Apple-ProcessingTime:\x201\r\nX-Apple-RequestReceivedTimestamp:\x20
SF:4745834\r\n\r\n")%r(FourOhFourRequest,8E,"HTTP/1\.1\x20403\x20Forbidden
SF:\r\nContent-Length:\x200\r\nServer:\x20AirTunes/870\.14\.1\r\nX-Apple-P
SF:rocessingTime:\x202\r\nX-Apple-RequestReceivedTimestamp:\x204745848\r\n
SF:\r\n")%r(SIPOptions,A0,"RTSP/1\.0\x20403\x20Forbidden\r\nContent-Length
SF::\x200\r\nServer:\x20AirTunes/870\.14\.1\r\nCSeq:\x2042\x20OPTIONS\r\nX
SF:-Apple-ProcessingTime:\x201\r\nX-Apple-RequestReceivedTimestamp:\x20474
SF:5858\r\n\r\n");
==============NEXT SERVICE FINGERPRINT (SUBMIT INDIVIDUALLY)==============
SF-Port7000-TCP:V=7.98%I=7%D=9/22%Time=68D149FD%P=arm-apple-darwin24.4.0%r
SF:(RTSPRequest,8F,"RTSP/1\.0\x20403\x20Forbidden\r\nContent-Length:\x200\
SF:r\nServer:\x20AirTunes/870\.14\.1\r\nX-Apple-ProcessingTime:\x2010\r\nX
SF:-Apple-RequestReceivedTimestamp:\x204740807\r\n\r\n")%r(GetRequest,8E,"
SF:HTTP/1\.1\x20403\x20Forbidden\r\nContent-Length:\x200\r\nServer:\x20Air
SF:Tunes/870\.14\.1\r\nX-Apple-ProcessingTime:\x203\r\nX-Apple-RequestRece
SF:ivedTimestamp:\x204745810\r\n\r\n")%r(HTTPOptions,8E,"HTTP/1\.1\x20403\
SF:x20Forbidden\r\nContent-Length:\x200\r\nServer:\x20AirTunes/870\.14\.1\
SF:r\nX-Apple-ProcessingTime:\x202\r\nX-Apple-RequestReceivedTimestamp:\x2
SF:04745823\r\n\r\n")%r(FourOhFourRequest,8E,"HTTP/1\.1\x20403\x20Forbidde
SF:n\r\nContent-Length:\x200\r\nServer:\x20AirTunes/870\.14\.1\r\nX-Apple-
SF:ProcessingTime:\x201\r\nX-Apple-RequestReceivedTimestamp:\x204745836\r\
SF:n\r\n")%r(SIPOptions,A0,"RTSP/1\.0\x20403\x20Forbidden\r\nContent-Lengt
SF:h:\x200\r\nServer:\x20AirTunes/870\.14\.1\r\nCSeq:\x2042\x20OPTIONS\r\n
SF:X-Apple-ProcessingTime:\x202\r\nX-Apple-RequestReceivedTimestamp:\x2047
SF:45850\r\n\r\n");
Service Info: OS: Mac OS X; CPE: cpe:/o:apple:mac_os_x

Service detection performed. Please report any incorrect results at https://nmap.org/submit/ .
Nmap done: 256 IP addresses (2 hosts up) scanned in 230.37 seconds
gangadhar@Gangadhar-MacBook-Pro ~ % 
